📊 Assigning skills to categories...


✅ Assignment complete!
   - Successfully categorized: 0 skills
   - Errors: 285

📋 Final Category Distribution:

   General Development: 105 skills
   Frontend Development: 33 skills
   Design & Creative: 28 skills
   Database & Data: 22 skills
   AI & Machine Learning: 21 skills
   Backend Development: 17 skills
   DevOps & CI/CD: 13 skills
   Cloud & Infrastructure: 11 skills
   Testing & QA: 10 skills
   Soft Skills & Business: 10 skills
   Security: 7 skills
   General Development: 4 skills
   Tools & Platforms: 4 skills
📊 Assigning skills to categories...


✅ Assignment complete!
   - Successfully categorized: 0 skills
   - Errors: 285

📋 Final Category Distribution:

   General Development: 105 skills
   Frontend Development: 33 skills
   Design & Creative: 28 skills
   Database & Data: 22 skills
   AI & Machine Learning: 21 skills
   Backend Development: 17 skills
   DevOps & CI/CD: 13 skills
   Cloud & Infrastructure: 11 skills
   Testing & QA: 10 skills
   Soft Skills & Business: 10 skills
   Security: 7 skills
   General Development: 4 skills
   Tools & Platforms: 4 skills
